<?php return array (
  0 => 'Symfony\\Bundle\\FrameworkBundle\\Controller\\AbstractController',
  1 => 'Doctrine\\Bundle\\DoctrineBundle\\Controller\\ProfilerController',
  2 => 'Doctrine\\ORM\\Cache\\Persister\\Entity\\AbstractEntityPersister',
  3 => 'Doctrine\\ORM\\Cache\\Persister\\Entity\\CachedEntityPersister',
  4 => 'Doctrine\\ORM\\Cache\\Persister\\Entity\\NonStrictReadWriteCachedEntityPersister',
  5 => 'Doctrine\\ORM\\Cache\\Persister\\Entity\\ReadOnlyCachedEntityPersister',
  6 => 'Doctrine\\ORM\\Cache\\Persister\\Entity\\ReadWriteCachedEntityPersister',
  7 => 'Doctrine\\ORM\\Persisters\\Entity\\AbstractEntityInheritancePersister',
  8 => 'Doctrine\\ORM\\Persisters\\Entity\\BasicEntityPersister',
  9 => 'Doctrine\\ORM\\Persisters\\Entity\\CachedPersisterContext',
  10 => 'Doctrine\\ORM\\Persisters\\Entity\\EntityPersister',
  11 => 'Doctrine\\ORM\\Persisters\\Entity\\JoinedSubclassPersister',
  12 => 'Doctrine\\ORM\\Persisters\\Entity\\SingleTablePersister',
  13 => 'Eccube\\Controller\\AbstractController',
  14 => 'Eccube\\Controller\\AbstractShoppingController',
  15 => 'Eccube\\Controller\\Admin\\AbstractCsvImportController',
  16 => 'Eccube\\Controller\\Admin\\AdminController',
  17 => 'Eccube\\Controller\\Admin\\Content\\BlockController',
  18 => 'Eccube\\Controller\\Admin\\Content\\CacheController',
  19 => 'Eccube\\Controller\\Admin\\Content\\CssController',
  20 => 'Eccube\\Controller\\Admin\\Content\\FileController',
  21 => 'Eccube\\Controller\\Admin\\Content\\JsController',
  22 => 'Eccube\\Controller\\Admin\\Content\\LayoutController',
  23 => 'Eccube\\Controller\\Admin\\Content\\MaintenanceController',
  24 => 'Eccube\\Controller\\Admin\\Content\\NewsController',
  25 => 'Eccube\\Controller\\Admin\\Content\\PageController',
  26 => 'Eccube\\Controller\\Admin\\Customer\\CustomerController',
  27 => 'Eccube\\Controller\\Admin\\Customer\\CustomerDeliveryEditController',
  28 => 'Eccube\\Controller\\Admin\\Customer\\CustomerEditController',
  29 => 'Eccube\\Controller\\Admin\\Order\\CsvImportController',
  30 => 'Eccube\\Controller\\Admin\\Order\\EditController',
  31 => 'Eccube\\Controller\\Admin\\Order\\MailController',
  32 => 'Eccube\\Controller\\Admin\\Order\\OrderController',
  33 => 'Eccube\\Controller\\Admin\\Order\\ShippingController',
  34 => 'Eccube\\Controller\\Admin\\Product\\CategoryController',
  35 => 'Eccube\\Controller\\Admin\\Product\\ClassCategoryController',
  36 => 'Eccube\\Controller\\Admin\\Product\\ClassNameController',
  37 => 'Eccube\\Controller\\Admin\\Product\\CsvImportController',
  38 => 'Eccube\\Controller\\Admin\\Product\\ProductClassController',
  39 => 'Eccube\\Controller\\Admin\\Product\\ProductController',
  40 => 'Eccube\\Controller\\Admin\\Product\\TagController',
  41 => 'Eccube\\Controller\\Admin\\Setting\\Shop\\CsvController',
  42 => 'Eccube\\Controller\\Admin\\Setting\\Shop\\DeliveryController',
  43 => 'Eccube\\Controller\\Admin\\Setting\\Shop\\MailController',
  44 => 'Eccube\\Controller\\Admin\\Setting\\Shop\\OrderStatusController',
  45 => 'Eccube\\Controller\\Admin\\Setting\\Shop\\PaymentController',
  46 => 'Eccube\\Controller\\Admin\\Setting\\Shop\\ShopController',
  47 => 'Eccube\\Controller\\Admin\\Setting\\Shop\\TaxRuleController',
  48 => 'Eccube\\Controller\\Admin\\Setting\\System\\AuthorityController',
  49 => 'Eccube\\Controller\\Admin\\Setting\\System\\LogController',
  50 => 'Eccube\\Controller\\Admin\\Setting\\System\\LoginHistoryController',
  51 => 'Eccube\\Controller\\Admin\\Setting\\System\\MasterdataController',
  52 => 'Eccube\\Controller\\Admin\\Setting\\System\\MemberController',
  53 => 'Eccube\\Controller\\Admin\\Setting\\System\\SecurityController',
  54 => 'Eccube\\Controller\\Admin\\Setting\\System\\SystemController',
  55 => 'Eccube\\Controller\\Admin\\Setting\\System\\TwoFactorAuthController',
  56 => 'Eccube\\Controller\\Admin\\Store\\OwnerStoreController',
  57 => 'Eccube\\Controller\\Admin\\Store\\PluginController',
  58 => 'Eccube\\Controller\\Admin\\Store\\TemplateController',
  59 => 'Eccube\\Controller\\Block\\CartController',
  60 => 'Eccube\\Controller\\Block\\SearchProductController',
  61 => 'Eccube\\Controller\\CartController',
  62 => 'Eccube\\Controller\\ContactController',
  63 => 'Eccube\\Controller\\EntryController',
  64 => 'Eccube\\Controller\\ForgotController',
  65 => 'Eccube\\Controller\\HelpController',
  66 => 'Eccube\\Controller\\InstallPluginController',
  67 => 'Eccube\\Controller\\Install\\InstallController',
  68 => 'Eccube\\Controller\\Mypage\\ChangeController',
  69 => 'Eccube\\Controller\\Mypage\\DeliveryController',
  70 => 'Eccube\\Controller\\Mypage\\MypageController',
  71 => 'Eccube\\Controller\\Mypage\\WithdrawController',
  72 => 'Eccube\\Controller\\NonMemberShoppingController',
  73 => 'Eccube\\Controller\\ProductController',
  74 => 'Eccube\\Controller\\ShippingMultipleController',
  75 => 'Eccube\\Controller\\ShoppingController',
  76 => 'Eccube\\Controller\\SitemapController',
  77 => 'Eccube\\Controller\\TopController',
  78 => 'Eccube\\Controller\\UserDataController',
  79 => 'Eccube\\Entity\\AbstractEntity',
  80 => 'Eccube\\Entity\\AuthorityRole',
  81 => 'Eccube\\Entity\\BaseInfo',
  82 => 'Eccube\\Entity\\Block',
  83 => 'Eccube\\Entity\\BlockPosition',
  84 => 'Eccube\\Entity\\Cart',
  85 => 'Eccube\\Entity\\CartItem',
  86 => 'Eccube\\Entity\\Category',
  87 => 'Eccube\\Entity\\ClassCategory',
  88 => 'Eccube\\Entity\\ClassName',
  89 => 'Eccube\\Entity\\Csv',
  90 => 'Eccube\\Entity\\Customer',
  91 => 'Eccube\\Entity\\CustomerAddress',
  92 => 'Eccube\\Entity\\CustomerFavoriteProduct',
  93 => 'Eccube\\Entity\\Delivery',
  94 => 'Eccube\\Entity\\DeliveryDuration',
  95 => 'Eccube\\Entity\\DeliveryFee',
  96 => 'Eccube\\Entity\\DeliveryTime',
  97 => 'Eccube\\Entity\\ExportCsvRow',
  98 => 'Eccube\\Entity\\ItemHolderInterface',
  99 => 'Eccube\\Entity\\ItemInterface',
  100 => 'Eccube\\Entity\\Layout',
  101 => 'Eccube\\Entity\\LoginHistory',
  102 => 'Eccube\\Entity\\MailHistory',
  103 => 'Eccube\\Entity\\MailTemplate',
  104 => 'Eccube\\Entity\\Master\\AbstractMasterEntity',
  105 => 'Eccube\\Entity\\Master\\Authority',
  106 => 'Eccube\\Entity\\Master\\Country',
  107 => 'Eccube\\Entity\\Master\\CsvType',
  108 => 'Eccube\\Entity\\Master\\CustomerOrderStatus',
  109 => 'Eccube\\Entity\\Master\\CustomerStatus',
  110 => 'Eccube\\Entity\\Master\\DeviceType',
  111 => 'Eccube\\Entity\\Master\\Job',
  112 => 'Eccube\\Entity\\Master\\LoginHistoryStatus',
  113 => 'Eccube\\Entity\\Master\\OrderItemType',
  114 => 'Eccube\\Entity\\Master\\OrderStatus',
  115 => 'Eccube\\Entity\\Master\\OrderStatusColor',
  116 => 'Eccube\\Entity\\Master\\PageMax',
  117 => 'Eccube\\Entity\\Master\\Pref',
  118 => 'Eccube\\Entity\\Master\\ProductListMax',
  119 => 'Eccube\\Entity\\Master\\ProductListOrderBy',
  120 => 'Eccube\\Entity\\Master\\ProductStatus',
  121 => 'Eccube\\Entity\\Master\\RoundingType',
  122 => 'Eccube\\Entity\\Master\\SaleType',
  123 => 'Eccube\\Entity\\Master\\Sex',
  124 => 'Eccube\\Entity\\Master\\TaxDisplayType',
  125 => 'Eccube\\Entity\\Master\\TaxType',
  126 => 'Eccube\\Entity\\Master\\Work',
  127 => 'Eccube\\Entity\\Member',
  128 => 'Eccube\\Entity\\NameTrait',
  129 => 'Eccube\\Entity\\News',
  130 => 'Eccube\\Entity\\Order',
  131 => 'Eccube\\Entity\\OrderItem',
  132 => 'Eccube\\Entity\\OrderPdf',
  133 => 'Eccube\\Entity\\Page',
  134 => 'Eccube\\Entity\\PageLayout',
  135 => 'Eccube\\Entity\\Payment',
  136 => 'Eccube\\Entity\\PaymentOption',
  137 => 'Eccube\\Entity\\Plugin',
  138 => 'Eccube\\Entity\\PointRateTrait',
  139 => 'Eccube\\Entity\\PointTrait',
  140 => 'Eccube\\Entity\\Product',
  141 => 'Eccube\\Entity\\ProductCategory',
  142 => 'Eccube\\Entity\\ProductClass',
  143 => 'Eccube\\Entity\\ProductImage',
  144 => 'Eccube\\Entity\\ProductStock',
  145 => 'Eccube\\Entity\\ProductTag',
  146 => 'Eccube\\Entity\\PurchaseInterface',
  147 => 'Eccube\\Entity\\Shipping',
  148 => 'Eccube\\Entity\\Tag',
  149 => 'Eccube\\Entity\\TaxRule',
  150 => 'Eccube\\Entity\\Template',
  151 => 'JsonSchema\\Entity\\JsonPointer',
  152 => 'Plugin\\Api\\Controller\\Admin\\GraphiQLController',
  153 => 'Plugin\\Api\\Controller\\Admin\\OAuthController',
  154 => 'Plugin\\Api\\Controller\\Admin\\WebHookController',
  155 => 'Plugin\\Api\\Controller\\ApiController',
  156 => 'Plugin\\Api\\Entity\\WebHook',
  157 => 'Plugin\\Coupon4\\Controller\\Admin\\CouponController',
  158 => 'Plugin\\Coupon4\\Controller\\Admin\\CouponSearchModelController',
  159 => 'Plugin\\Coupon4\\Controller\\CouponShoppingController',
  160 => 'Plugin\\Coupon4\\Entity\\Coupon',
  161 => 'Plugin\\Coupon4\\Entity\\CouponDetail',
  162 => 'Plugin\\Coupon4\\Entity\\CouponOrder',
  163 => 'Plugin\\GMC\\Controller\\Admin\\ConfigController',
  164 => 'Plugin\\GMC\\Controller\\SiteVerificationController',
  165 => 'Plugin\\MailMagazine4\\Controller\\MailMagazineController',
  166 => 'Plugin\\MailMagazine4\\Controller\\MailMagazineHistoryController',
  167 => 'Plugin\\MailMagazine4\\Controller\\MailMagazineTemplateController',
  168 => 'Plugin\\MailMagazine4\\Entity\\AdminCustomerQueryCustomizer',
  169 => 'Plugin\\MailMagazine4\\Entity\\CustomerTrait',
  170 => 'Plugin\\MailMagazine4\\Entity\\MailMagazineSendHistory',
  171 => 'Plugin\\MailMagazine4\\Entity\\MailMagazineTemplate',
  172 => 'Plugin\\ProductReview4\\Controller\\Admin\\ConfigController',
  173 => 'Plugin\\ProductReview4\\Controller\\Admin\\ProductReviewController',
  174 => 'Plugin\\ProductReview4\\Controller\\ProductReviewController',
  175 => 'Plugin\\ProductReview4\\Entity\\ProductReview',
  176 => 'Plugin\\ProductReview4\\Entity\\ProductReviewConfig',
  177 => 'Plugin\\ProductReview4\\Entity\\ProductReviewStatus',
  178 => 'Plugin\\Recommend4\\Controller\\RecommendController',
  179 => 'Plugin\\Recommend4\\Controller\\RecommendSearchModelController',
  180 => 'Plugin\\Recommend4\\Entity\\RecommendProduct',
  181 => 'Plugin\\RelatedProduct4\\Controller\\Admin\\RelatedProductController',
  182 => 'Plugin\\RelatedProduct4\\Entity\\ProductTrait',
  183 => 'Plugin\\RelatedProduct4\\Entity\\RelatedProduct',
  184 => 'Plugin\\SalesReport4\\Controller\\SalesReportController',
  185 => 'Plugin\\Securitychecker4\\Controller\\ConfigController',
  186 => 'Plugin\\Securitychecker4\\Entity\\Config',
  187 => 'Plugin\\SiteKit\\Controller\\Admin\\ConfigController',
  188 => 'Plugin\\SiteKit\\Controller\\Admin\\DashboardController',
  189 => 'Plugin\\SiteKit\\Entity\\BaseInfoTrait',
  190 => 'Plugin\\SiteKit\\Entity\\IdToken',
  191 => 'Plugin\\SiteKit\\Entity\\MemberTrait',
  193 => 'Symfony\\Bundle\\FrameworkBundle\\Controller\\Controller',
  194 => 'Symfony\\Bundle\\FrameworkBundle\\Controller\\ControllerNameParser',
  195 => 'Symfony\\Bundle\\FrameworkBundle\\Controller\\ControllerResolver',
  196 => 'Symfony\\Bundle\\FrameworkBundle\\Controller\\ControllerTrait',
  197 => 'Symfony\\Bundle\\FrameworkBundle\\Controller\\RedirectController',
  198 => 'Symfony\\Bundle\\FrameworkBundle\\Controller\\TemplateController',
  199 => 'Symfony\\Bundle\\TwigBundle\\Controller\\ExceptionController',
  200 => 'Symfony\\Bundle\\TwigBundle\\Controller\\PreviewErrorController',
  201 => 'Symfony\\Bundle\\WebProfilerBundle\\Controller\\ExceptionController',
  202 => 'Symfony\\Bundle\\WebProfilerBundle\\Controller\\ExceptionPanelController',
  203 => 'Symfony\\Bundle\\WebProfilerBundle\\Controller\\ProfilerController',
  204 => 'Symfony\\Bundle\\WebProfilerBundle\\Controller\\RouterController',
  205 => 'Symfony\\Component\\HttpKernel\\Controller\\ArgumentResolver',
  206 => 'Symfony\\Component\\HttpKernel\\Controller\\ArgumentResolverInterface',
  207 => 'Symfony\\Component\\HttpKernel\\Controller\\ArgumentResolver\\DefaultValueResolver',
  208 => 'Symfony\\Component\\HttpKernel\\Controller\\ArgumentResolver\\NotTaggedControllerValueResolver',
  209 => 'Symfony\\Component\\HttpKernel\\Controller\\ArgumentResolver\\RequestAttributeValueResolver',
  210 => 'Symfony\\Component\\HttpKernel\\Controller\\ArgumentResolver\\RequestValueResolver',
  211 => 'Symfony\\Component\\HttpKernel\\Controller\\ArgumentResolver\\ServiceValueResolver',
  212 => 'Symfony\\Component\\HttpKernel\\Controller\\ArgumentResolver\\SessionValueResolver',
  213 => 'Symfony\\Component\\HttpKernel\\Controller\\ArgumentResolver\\TraceableValueResolver',
  214 => 'Symfony\\Component\\HttpKernel\\Controller\\ArgumentResolver\\VariadicValueResolver',
  215 => 'Symfony\\Component\\HttpKernel\\Controller\\ArgumentValueResolverInterface',
  216 => 'Symfony\\Component\\HttpKernel\\Controller\\ContainerControllerResolver',
  217 => 'Symfony\\Component\\HttpKernel\\Controller\\ControllerReference',
  218 => 'Symfony\\Component\\HttpKernel\\Controller\\ControllerResolver',
  219 => 'Symfony\\Component\\HttpKernel\\Controller\\ControllerResolverInterface',
  220 => 'Symfony\\Component\\HttpKernel\\Controller\\ErrorController',
  221 => 'Symfony\\Component\\HttpKernel\\Controller\\TraceableArgumentResolver',
  222 => 'Symfony\\Component\\HttpKernel\\Controller\\TraceableControllerResolver',
  223 => 'Symfony\\Component\\Security\\Http\\Controller\\UserValueResolver',
  224 => 'Trikoder\\Bundle\\OAuth2Bundle\\Controller\\AuthorizationController',
  225 => 'Trikoder\\Bundle\\OAuth2Bundle\\Controller\\TokenController',
  226 => 'Trikoder\\Bundle\\OAuth2Bundle\\League\\Entity\\AccessToken',
  227 => 'Trikoder\\Bundle\\OAuth2Bundle\\League\\Entity\\AuthCode',
  228 => 'Trikoder\\Bundle\\OAuth2Bundle\\League\\Entity\\Client',
  229 => 'Trikoder\\Bundle\\OAuth2Bundle\\League\\Entity\\RefreshToken',
  230 => 'Trikoder\\Bundle\\OAuth2Bundle\\League\\Entity\\Scope',
  231 => 'Trikoder\\Bundle\\OAuth2Bundle\\League\\Entity\\User',
);